[[1;34mINFO[m] Scanning for projects...
[[1;34mINFO[m] 
[[1;34mINFO[m] [1m----------------< [0;36mcom.riwi:credit-application-service[0;1m >-----------------[m
[[1;34mINFO[m] [1mBuilding Credit Application Service 1.0.0[m
[[1;34mINFO[m] [1m--------------------------------[ jar ]---------------------------------[m
[[1;34mINFO[m] 
[[1;34mINFO[m] [1m>>> [0;32mspring-boot-maven-plugin:3.2.0:run[m [1m(default-cli)[0;1m > [0;1mtest-compile[m @ [36mcredit-application-service[0;1m >>>[m
[[1;34mINFO[m] 
[[1;34mINFO[m] [1m--- [0;32mmaven-resources-plugin:3.3.1:resources[m [1m(default-resources)[m @ [36mcredit-application-service[0;1m ---[m
[[1;34mINFO[m] Copying 1 resource from src/main/resources to target/classes
[[1;34mINFO[m] Copying 5 resources from src/main/resources to target/classes
[[1;34mINFO[m] 
[[1;34mINFO[m] [1m--- [0;32mmaven-compiler-plugin:3.11.0:compile[m [1m(default-compile)[m @ [36mcredit-application-service[0;1m ---[m
[[1;34mINFO[m] Changes detected - recompiling the module! :source
[[1;34mINFO[m] Compiling 46 source files with javac [debug release 17] to target/classes
[[1;34mINFO[m] /home/Coder/Documentos/credit-application-service/src/main/java/com/riwi/creditapplication/infrastructure/persistence/entity/RiskEvaluationEntity.java: Some input files use or override a deprecated API.
[[1;34mINFO[m] /home/Coder/Documentos/credit-application-service/src/main/java/com/riwi/creditapplication/infrastructure/persistence/entity/RiskEvaluationEntity.java: Recompile with -Xlint:deprecation for details.
[[1;34mINFO[m] 
[[1;34mINFO[m] [1m--- [0;32mmaven-resources-plugin:3.3.1:testResources[m [1m(default-testResources)[m @ [36mcredit-application-service[0;1m ---[m
[[1;34mINFO[m] skip non existing resourceDirectory /home/Coder/Documentos/credit-application-service/src/test/resources
[[1;34mINFO[m] 
[[1;34mINFO[m] [1m--- [0;32mmaven-compiler-plugin:3.11.0:testCompile[m [1m(default-testCompile)[m @ [36mcredit-application-service[0;1m ---[m
[[1;34mINFO[m] No sources to compile
[[1;34mINFO[m] 
[[1;34mINFO[m] [1m<<< [0;32mspring-boot-maven-plugin:3.2.0:run[m [1m(default-cli)[0;1m < [0;1mtest-compile[m @ [36mcredit-application-service[0;1m <<<[m
[[1;34mINFO[m] 
[[1;34mINFO[m] 
[[1;34mINFO[m] [1m--- [0;32mspring-boot-maven-plugin:3.2.0:run[m [1m(default-cli)[m @ [36mcredit-application-service[0;1m ---[m
[[1;34mINFO[m] Attaching agents: []
18:17:37,851 |-INFO in ch.qos.logback.classic.LoggerContext[default] - This is logback-classic version 1.4.11
18:17:37,853 |-INFO in ch.qos.logback.classic.util.ContextInitializer@344561e0 - Here is a list of configurators discovered as a service, by rank: 
18:17:37,853 |-INFO in ch.qos.logback.classic.util.ContextInitializer@344561e0 -   org.springframework.boot.logging.logback.RootLogLevelConfigurator
18:17:37,853 |-INFO in ch.qos.logback.classic.util.ContextInitializer@344561e0 - They will be invoked in order until ExecutionStatus.DO_NOT_INVOKE_NEXT_IF_ANY is returned.
18:17:37,853 |-INFO in ch.qos.logback.classic.util.ContextInitializer@344561e0 - Constructed configurator of type class org.springframework.boot.logging.logback.RootLogLevelConfigurator
18:17:37,860 |-INFO in ch.qos.logback.classic.util.ContextInitializer@344561e0 - org.springframework.boot.logging.logback.RootLogLevelConfigurator.configure() call lasted 1 milliseconds. ExecutionStatus=INVOKE_NEXT_IF_ANY
18:17:37,860 |-INFO in ch.qos.logback.classic.util.ContextInitializer@344561e0 - Trying to configure with ch.qos.logback.classic.joran.SerializedModelConfigurator
18:17:37,860 |-INFO in ch.qos.logback.classic.util.ContextInitializer@344561e0 - Constructed configurator of type class ch.qos.logback.classic.joran.SerializedModelConfigurator
18:17:37,869 |-INFO in ch.qos.logback.classic.LoggerContext[default] - Could NOT find resource [logback-test.scmo]
18:17:37,869 |-INFO in ch.qos.logback.classic.LoggerContext[default] - Could NOT find resource [logback.scmo]
18:17:37,869 |-INFO in ch.qos.logback.classic.util.ContextInitializer@344561e0 - ch.qos.logback.classic.joran.SerializedModelConfigurator.configure() call lasted 9 milliseconds. ExecutionStatus=INVOKE_NEXT_IF_ANY
18:17:37,869 |-INFO in ch.qos.logback.classic.util.ContextInitializer@344561e0 - Trying to configure with ch.qos.logback.classic.util.DefaultJoranConfigurator
18:17:37,870 |-INFO in ch.qos.logback.classic.util.ContextInitializer@344561e0 - Constructed configurator of type class ch.qos.logback.classic.util.DefaultJoranConfigurator
18:17:37,870 |-INFO in ch.qos.logback.classic.LoggerContext[default] - Could NOT find resource [logback-test.xml]
18:17:37,870 |-INFO in ch.qos.logback.classic.LoggerContext[default] - Could NOT find resource [logback.xml]
18:17:37,870 |-INFO in ch.qos.logback.classic.util.ContextInitializer@344561e0 - ch.qos.logback.classic.util.DefaultJoranConfigurator.configure() call lasted 0 milliseconds. ExecutionStatus=INVOKE_NEXT_IF_ANY
18:17:37,870 |-INFO in ch.qos.logback.classic.util.ContextInitializer@344561e0 - Trying to configure with ch.qos.logback.classic.BasicConfigurator
18:17:37,871 |-INFO in ch.qos.logback.classic.util.ContextInitializer@344561e0 - Constructed configurator of type class ch.qos.logback.classic.BasicConfigurator
18:17:37,871 |-INFO in ch.qos.logback.classic.BasicConfigurator@66d23e4a - Setting up default configuration.
18:17:37,881 |-INFO in ch.qos.logback.classic.util.ContextInitializer@344561e0 - ch.qos.logback.classic.BasicConfigurator.configure() call lasted 10 milliseconds. ExecutionStatus=NEUTRAL
18:17:38,165 |-INFO in ch.qos.logback.core.joran.util.ConfigurationWatchListUtil@36ac8a63 - Adding [jar:file:/home/Coder/.m2/repository/org/springframework/boot/spring-boot/3.2.0/spring-boot-3.2.0.jar!/org/springframework/boot/logging/logback/defaults.xml] to configuration watch list.
18:17:38,165 |-INFO in ch.qos.logback.core.joran.spi.ConfigurationWatchList@4d9d1b69 - URL [jar:file:/home/Coder/.m2/repository/org/springframework/boot/spring-boot/3.2.0/spring-boot-3.2.0.jar!/org/springframework/boot/logging/logback/defaults.xml] is not of type file
18:17:38,167 |-INFO in ch.qos.logback.core.joran.action.ConversionRuleAction - registering conversion word clr with class [org.springframework.boot.logging.logback.ColorConverter]
18:17:38,167 |-INFO in ch.qos.logback.core.joran.action.ConversionRuleAction - registering conversion word correlationId with class [org.springframework.boot.logging.logback.CorrelationIdConverter]
18:17:38,167 |-INFO in ch.qos.logback.core.joran.action.ConversionRuleAction - registering conversion word wex with class [org.springframework.boot.logging.logback.WhitespaceThrowableProxyConverter]
18:17:38,167 |-INFO in ch.qos.logback.core.joran.action.ConversionRuleAction - registering conversion word wEx with class [org.springframework.boot.logging.logback.ExtendedWhitespaceThrowableProxyConverter]
18:17:38,191 |-INFO in ch.qos.logback.classic.model.processor.LoggerModelHandler - Setting level of logger [org.apache.catalina.startup.DigesterFactory] to ERROR
18:17:38,191 |-INFO in ch.qos.logback.classic.jul.LevelChangePropagator@52c8295b - Propagating ERROR level on Logger[org.apache.catalina.startup.DigesterFactory] onto the JUL framework
18:17:38,191 |-INFO in ch.qos.logback.classic.model.processor.LoggerModelHandler - Setting level of logger [org.apache.catalina.util.LifecycleBase] to ERROR
18:17:38,191 |-INFO in ch.qos.logback.classic.jul.LevelChangePropagator@52c8295b - Propagating ERROR level on Logger[org.apache.catalina.util.LifecycleBase] onto the JUL framework
18:17:38,192 |-INFO in ch.qos.logback.classic.model.processor.LoggerModelHandler - Setting level of logger [org.apache.coyote.http11.Http11NioProtocol] to WARN
18:17:38,192 |-INFO in ch.qos.logback.classic.jul.LevelChangePropagator@52c8295b - Propagating WARN level on Logger[org.apache.coyote.http11.Http11NioProtocol] onto the JUL framework
18:17:38,192 |-INFO in ch.qos.logback.classic.model.processor.LoggerModelHandler - Setting level of logger [org.apache.sshd.common.util.SecurityUtils] to WARN
18:17:38,192 |-INFO in ch.qos.logback.classic.jul.LevelChangePropagator@52c8295b - Propagating WARN level on Logger[org.apache.sshd.common.util.SecurityUtils] onto the JUL framework
18:17:38,192 |-INFO in ch.qos.logback.classic.model.processor.LoggerModelHandler - Setting level of logger [org.apache.tomcat.util.net.NioSelectorPool] to WARN
18:17:38,192 |-INFO in ch.qos.logback.classic.jul.LevelChangePropagator@52c8295b - Propagating WARN level on Logger[org.apache.tomcat.util.net.NioSelectorPool] onto the JUL framework
18:17:38,192 |-INFO in ch.qos.logback.classic.model.processor.LoggerModelHandler - Setting level of logger [org.eclipse.jetty.util.component.AbstractLifeCycle] to ERROR
18:17:38,192 |-INFO in ch.qos.logback.classic.jul.LevelChangePropagator@52c8295b - Propagating ERROR level on Logger[org.eclipse.jetty.util.component.AbstractLifeCycle] onto the JUL framework
18:17:38,192 |-INFO in ch.qos.logback.classic.model.processor.LoggerModelHandler - Setting level of logger [org.hibernate.validator.internal.util.Version] to WARN
18:17:38,192 |-INFO in ch.qos.logback.classic.jul.LevelChangePropagator@52c8295b - Propagating WARN level on Logger[org.hibernate.validator.internal.util.Version] onto the JUL framework
18:17:38,192 |-INFO in ch.qos.logback.classic.model.processor.LoggerModelHandler - Setting level of logger [org.springframework.boot.actuate.endpoint.jmx] to WARN
18:17:38,192 |-INFO in ch.qos.logback.classic.jul.LevelChangePropagator@52c8295b - Propagating WARN level on Logger[org.springframework.boot.actuate.endpoint.jmx] onto the JUL framework
18:17:38,192 |-WARN in ch.qos.logback.core.model.processor.AppenderModelHandler - Appender named [CONSOLE_JSON] not referenced. Skipping further processing.
18:17:38,192 |-INFO in ch.qos.logback.core.model.processor.AppenderModelHandler - Processing appender named [CONSOLE]
18:17:38,192 |-INFO in ch.qos.logback.core.model.processor.AppenderModelHandler - About to instantiate appender of type [ch.qos.logback.core.ConsoleAppender]
18:17:38,195 |-INFO in ch.qos.logback.core.model.processor.ImplicitModelHandler - Assuming default type [ch.qos.logback.classic.encoder.PatternLayoutEncoder] for [encoder] property
18:17:38,201 |-INFO in ch.qos.logback.core.model.processor.AppenderModelHandler - Processing appender named [FILE_JSON]
18:17:38,201 |-INFO in ch.qos.logback.core.model.processor.AppenderModelHandler - About to instantiate appender of type [ch.qos.logback.core.rolling.RollingFileAppender]
18:17:38,340 |-INFO in c.q.l.core.rolling.TimeBasedRollingPolicy@622820646 - setting totalSizeCap to 1 GB
18:17:38,341 |-INFO in c.q.l.core.rolling.TimeBasedRollingPolicy@622820646 - No compression will be used
18:17:38,342 |-INFO in c.q.l.core.rolling.TimeBasedRollingPolicy@622820646 - Will use the pattern logs/credit-application-service.%d{yyyy-MM-dd}.json for the active file
18:17:38,346 |-INFO in c.q.l.core.rolling.DefaultTimeBasedFileNamingAndTriggeringPolicy - The date pattern is 'yyyy-MM-dd' from file name pattern 'logs/credit-application-service.%d{yyyy-MM-dd}.json'.
18:17:38,346 |-INFO in c.q.l.core.rolling.DefaultTimeBasedFileNamingAndTriggeringPolicy - Roll-over at midnight.
18:17:38,348 |-INFO in c.q.l.core.rolling.DefaultTimeBasedFileNamingAndTriggeringPolicy - Setting initial period to 2025-12-09T23:17:03.356Z
18:17:38,349 |-INFO in ch.qos.logback.core.rolling.RollingFileAppender[FILE_JSON] - Active log file name: logs/credit-application-service.json
18:17:38,349 |-INFO in ch.qos.logback.core.rolling.RollingFileAppender[FILE_JSON] - File property is set to [logs/credit-application-service.json]
18:17:38,350 |-INFO in ch.qos.logback.core.model.processor.AppenderModelHandler - Processing appender named [ERROR_FILE]
18:17:38,350 |-INFO in ch.qos.logback.core.model.processor.AppenderModelHandler - About to instantiate appender of type [ch.qos.logback.core.rolling.RollingFileAppender]
18:17:38,351 |-WARN in ch.qos.logback.core.model.processor.ImplicitModelHandler - Ignoring unknown property [includeStackTrace] in [net.logstash.logback.encoder.LogstashEncoder]
18:17:38,353 |-INFO in c.q.l.core.rolling.TimeBasedRollingPolicy@2008159348 - setting totalSizeCap to 2 GB
18:17:38,353 |-INFO in c.q.l.core.rolling.TimeBasedRollingPolicy@2008159348 - No compression will be used
18:17:38,353 |-INFO in c.q.l.core.rolling.TimeBasedRollingPolicy@2008159348 - Will use the pattern logs/error.%d{yyyy-MM-dd}.json for the active file
18:17:38,353 |-INFO in c.q.l.core.rolling.DefaultTimeBasedFileNamingAndTriggeringPolicy - The date pattern is 'yyyy-MM-dd' from file name pattern 'logs/error.%d{yyyy-MM-dd}.json'.
18:17:38,353 |-INFO in c.q.l.core.rolling.DefaultTimeBasedFileNamingAndTriggeringPolicy - Roll-over at midnight.
18:17:38,354 |-INFO in c.q.l.core.rolling.DefaultTimeBasedFileNamingAndTriggeringPolicy - Setting initial period to 2025-12-09T23:10:56.516Z
18:17:38,354 |-INFO in ch.qos.logback.core.rolling.RollingFileAppender[ERROR_FILE] - Active log file name: logs/error.json
18:17:38,354 |-INFO in ch.qos.logback.core.rolling.RollingFileAppender[ERROR_FILE] - File property is set to [logs/error.json]
18:17:38,354 |-INFO in ch.qos.logback.core.model.processor.AppenderModelHandler - Processing appender named [AUTH_FILE]
18:17:38,354 |-INFO in ch.qos.logback.core.model.processor.AppenderModelHandler - About to instantiate appender of type [ch.qos.logback.core.rolling.RollingFileAppender]
18:17:38,356 |-INFO in c.q.l.core.rolling.TimeBasedRollingPolicy@1389432760 - No compression will be used
18:17:38,356 |-INFO in c.q.l.core.rolling.TimeBasedRollingPolicy@1389432760 - Will use the pattern logs/authentication.%d{yyyy-MM-dd}.json for the active file
18:17:38,356 |-INFO in c.q.l.core.rolling.DefaultTimeBasedFileNamingAndTriggeringPolicy - The date pattern is 'yyyy-MM-dd' from file name pattern 'logs/authentication.%d{yyyy-MM-dd}.json'.
18:17:38,356 |-INFO in c.q.l.core.rolling.DefaultTimeBasedFileNamingAndTriggeringPolicy - Roll-over at midnight.
18:17:38,356 |-INFO in c.q.l.core.rolling.DefaultTimeBasedFileNamingAndTriggeringPolicy - Setting initial period to 2025-12-09T23:10:56.518Z
18:17:38,357 |-INFO in ch.qos.logback.core.rolling.RollingFileAppender[AUTH_FILE] - Active log file name: logs/authentication.json
18:17:38,357 |-INFO in ch.qos.logback.core.rolling.RollingFileAppender[AUTH_FILE] - File property is set to [logs/authentication.json]
18:17:38,357 |-WARN in ch.qos.logback.core.model.processor.AppenderModelHandler - Appender named [ASYNC_FILE] not referenced. Skipping further processing.
18:17:38,357 |-WARN in ch.qos.logback.core.model.processor.AppenderModelHandler - Appender named [ASYNC_ERROR] not referenced. Skipping further processing.
18:17:38,357 |-INFO in ch.qos.logback.classic.model.processor.LoggerModelHandler - Setting level of logger [com.riwi.creditapplication.infrastructure.security] to INFO
18:17:38,357 |-INFO in ch.qos.logback.classic.jul.LevelChangePropagator@52c8295b - Propagating INFO level on Logger[com.riwi.creditapplication.infrastructure.security] onto the JUL framework
18:17:38,358 |-INFO in ch.qos.logback.classic.model.processor.LoggerModelHandler - Setting additivity of logger [com.riwi.creditapplication.infrastructure.security] to false
18:17:38,358 |-INFO in ch.qos.logback.core.model.processor.AppenderRefModelHandler - Attaching appender named [AUTH_FILE] to Logger[com.riwi.creditapplication.infrastructure.security]
18:17:38,358 |-INFO in ch.qos.logback.core.model.processor.AppenderRefModelHandler - Attaching appender named [CONSOLE] to Logger[com.riwi.creditapplication.infrastructure.security]
18:17:38,358 |-INFO in ch.qos.logback.classic.model.processor.LoggerModelHandler - Setting level of logger [com.riwi.creditapplication.infrastructure.exception] to DEBUG
18:17:38,358 |-INFO in ch.qos.logback.classic.jul.LevelChangePropagator@52c8295b - Propagating DEBUG level on Logger[com.riwi.creditapplication.infrastructure.exception] onto the JUL framework
18:17:38,358 |-INFO in ch.qos.logback.classic.model.processor.LoggerModelHandler - Setting additivity of logger [com.riwi.creditapplication.infrastructure.exception] to false
18:17:38,358 |-INFO in ch.qos.logback.core.model.processor.AppenderRefModelHandler - Attaching appender named [ERROR_FILE] to Logger[com.riwi.creditapplication.infrastructure.exception]
18:17:38,358 |-INFO in ch.qos.logback.core.model.processor.AppenderRefModelHandler - Attaching appender named [CONSOLE] to Logger[com.riwi.creditapplication.infrastructure.exception]
18:17:38,358 |-INFO in ch.qos.logback.classic.model.processor.LoggerModelHandler - Setting level of logger [com.riwi.creditapplication.domain.service] to DEBUG
18:17:38,358 |-INFO in ch.qos.logback.classic.jul.LevelChangePropagator@52c8295b - Propagating DEBUG level on Logger[com.riwi.creditapplication.domain.service] onto the JUL framework
18:17:38,358 |-INFO in ch.qos.logback.classic.model.processor.LoggerModelHandler - Setting level of logger [org.hibernate.SQL] to DEBUG
18:17:38,358 |-INFO in ch.qos.logback.classic.jul.LevelChangePropagator@52c8295b - Propagating DEBUG level on Logger[org.hibernate.SQL] onto the JUL framework
18:17:38,358 |-INFO in ch.qos.logback.classic.model.processor.LoggerModelHandler - Setting level of logger [org.hibernate.type.descriptor.sql.BasicBinder] to TRACE
18:17:38,358 |-INFO in ch.qos.logback.classic.jul.LevelChangePropagator@52c8295b - Propagating TRACE level on Logger[org.hibernate.type.descriptor.sql.BasicBinder] onto the JUL framework
18:17:38,358 |-INFO in ch.qos.logback.classic.model.processor.LoggerModelHandler - Setting level of logger [org.springframework.security] to DEBUG
18:17:38,358 |-INFO in ch.qos.logback.classic.jul.LevelChangePropagator@52c8295b - Propagating DEBUG level on Logger[org.springframework.security] onto the JUL framework
18:17:38,358 |-INFO in ch.qos.logback.classic.model.processor.RootLoggerModelHandler - Setting level of ROOT logger to INFO
18:17:38,358 |-INFO in ch.qos.logback.classic.jul.LevelChangePropagator@52c8295b - Propagating INFO level on Logger[ROOT] onto the JUL framework
18:17:38,358 |-INFO in ch.qos.logback.core.model.processor.AppenderRefModelHandler - Attaching appender named [CONSOLE] to Logger[ROOT]
18:17:38,358 |-INFO in ch.qos.logback.core.model.processor.AppenderRefModelHandler - Attaching appender named [FILE_JSON] to Logger[ROOT]
18:17:38,358 |-INFO in ch.qos.logback.core.model.processor.DefaultProcessor@41c07648 - End of configuration.
18:17:38,358 |-INFO in org.springframework.boot.logging.logback.SpringBootJoranConfigurator@1fe8d51b - Registering current configuration as safe fallback point


  .   ____          _            __ _ _
 /\\ / ___'_ __ _ _(_)_ __  __ _ \ \ \ \
( ( )\___ | '_ | '_| | '_ \/ _` | \ \ \ \
 \\/  ___)| |_)| | | | | || (_| |  ) ) ) )
  '  |____| .__|_| |_|_| |_\__, | / / / /
 =========|_|==============|___/=/_/_/_/
 :: Spring Boot ::                (v3.2.0)

2025-12-09 18:17:38.394 [main] [34mINFO [0;39m [36mc.r.c.CreditApplicationServiceApplication[0;39m - Starting CreditApplicationServiceApplication using Java 17.0.17 with PID 330237 (/home/Coder/Documentos/credit-application-service/target/classes started by Coder in /home/Coder/Documentos/credit-application-service)
2025-12-09 18:17:38.401 [main] [39mDEBUG[0;39m [36mc.r.c.CreditApplicationServiceApplication[0;39m - Running with Spring Boot v3.2.0, Spring v6.1.1
2025-12-09 18:17:38.403 [main] [34mINFO [0;39m [36mc.r.c.CreditApplicationServiceApplication[0;39m - No active profile set, falling back to 1 default profile: "default"
2025-12-09 18:17:39.249 [main] [34mINFO [0;39m [36mo.s.d.r.c.RepositoryConfigurationDelegate[0;39m - Bootstrapping Spring Data JPA repositories in DEFAULT mode.
2025-12-09 18:17:39.298 [main] [34mINFO [0;39m [36mo.s.d.r.c.RepositoryConfigurationDelegate[0;39m - Finished Spring Data repository scanning in 44 ms. Found 4 JPA repository interfaces.
2025-12-09 18:17:40.053 [main] [34mINFO [0;39m [36mo.s.b.w.e.tomcat.TomcatWebServer[0;39m - Tomcat initialized with port 8081 (http)
2025-12-09 18:17:40.060 [main] [34mINFO [0;39m [36mo.a.catalina.core.StandardService[0;39m - Starting service [Tomcat]
2025-12-09 18:17:40.060 [main] [34mINFO [0;39m [36mo.a.catalina.core.StandardEngine[0;39m - Starting Servlet engine: [Apache Tomcat/10.1.16]
2025-12-09 18:17:40.109 [main] [34mINFO [0;39m [36mo.a.c.c.C.[.[localhost].[/api][0;39m - Initializing Spring embedded WebApplicationContext
2025-12-09 18:17:40.111 [main] [34mINFO [0;39m [36mo.s.b.w.s.c.ServletWebServerApplicationContext[0;39m - Root WebApplicationContext: initialization completed in 1682 ms
2025-12-09 18:17:40.397 [main] [34mINFO [0;39m [36mcom.zaxxer.hikari.HikariDataSource[0;39m - CreditAppHikariPool - Starting...
2025-12-09 18:17:40.474 [main] [34mINFO [0;39m [36mcom.zaxxer.hikari.pool.HikariPool[0;39m - CreditAppHikariPool - Added connection com.mysql.cj.jdbc.ConnectionImpl@74a03bd5
2025-12-09 18:17:40.475 [main] [34mINFO [0;39m [36mcom.zaxxer.hikari.HikariDataSource[0;39m - CreditAppHikariPool - Start completed.
2025-12-09 18:17:40.517 [main] [34mINFO [0;39m [36mo.f.c.i.license.VersionPrinter[0;39m - Flyway Community Edition 9.22.3 by Redgate
2025-12-09 18:17:40.517 [main] [34mINFO [0;39m [36mo.f.c.i.license.VersionPrinter[0;39m - See release notes here: https://rd.gt/416ObMi
2025-12-09 18:17:40.517 [main] [34mINFO [0;39m [36mo.f.c.i.license.VersionPrinter[0;39m - 
2025-12-09 18:17:40.527 [main] [34mINFO [0;39m [36morg.flywaydb.core.FlywayExecutor[0;39m - Database: jdbc:mysql://localhost/credit_application_db (MySQL 8.0)
2025-12-09 18:17:40.542 [main] [34mINFO [0;39m [36mo.f.c.i.s.JdbcTableSchemaHistory[0;39m - Schema history table `credit_application_db`.`flyway_schema_history` does not exist yet
2025-12-09 18:17:40.544 [main] [34mINFO [0;39m [36mo.f.core.internal.command.DbValidate[0;39m - Successfully validated 3 migrations (execution time 00:00.009s)
2025-12-09 18:17:40.552 [main] [34mINFO [0;39m [36mo.f.c.i.s.JdbcTableSchemaHistory[0;39m - Creating Schema History table `credit_application_db`.`flyway_schema_history` ...
2025-12-09 18:17:40.581 [main] [34mINFO [0;39m [36mo.f.core.internal.command.DbMigrate[0;39m - Current version of schema `credit_application_db`: << Empty Schema >>
2025-12-09 18:17:40.589 [main] [34mINFO [0;39m [36mo.f.core.internal.command.DbMigrate[0;39m - Migrating schema `credit_application_db` to version "1 - schema"
2025-12-09 18:17:40.636 [main] [31mWARN [0;39m [36mo.f.c.i.s.DefaultSqlScriptExecutor[0;39m - DB: Duplicate index 'idx_affiliate_document' defined on the table 'credit_application_db.affiliates'. This is deprecated and will be disallowed in a future release. (SQL State: HY000 - Error Code: 1831)
2025-12-09 18:17:40.770 [main] [34mINFO [0;39m [36mo.f.core.internal.command.DbMigrate[0;39m - Migrating schema `credit_application_db` to version "2 - relations"
2025-12-09 18:17:40.902 [main] [1;31mERROR[0;39m [36mo.f.core.internal.command.DbMigrate[0;39m - Migration of schema `credit_application_db` to version "2 - relations" failed! Please restore backups and roll back database and code!
2025-12-09 18:17:40.909 [main] [1;31mERROR[0;39m [36mo.s.b.w.e.tomcat.TomcatStarter[0;39m - Error starting Tomcat context. Exception: org.springframework.beans.factory.UnsatisfiedDependencyException. Message: Error creating bean with name 'jwtAuthenticationFilter' defined in file [/home/Coder/Documentos/credit-application-service/target/classes/com/riwi/creditapplication/infrastructure/security/jwt/JwtAuthenticationFilter.class]: Unsatisfied dependency expressed through constructor parameter 1: Error creating bean with name 'customUserDetailsService' defined in file [/home/Coder/Documentos/credit-application-service/target/classes/com/riwi/creditapplication/infrastructure/security/service/CustomUserDetailsService.class]: Unsatisfied dependency expressed through constructor parameter 0: Error creating bean with name 'userJpaRepository' defined in com.riwi.creditapplication.infrastructure.persistence.repository.UserJpaRepository defined in @EnableJpaRepositories declared on JpaRepositoriesRegistrar.EnableJpaRepositoriesConfiguration: Cannot resolve reference to bean 'jpaSharedEM_entityManagerFactory' while setting bean property 'entityManager'
2025-12-09 18:17:40.922 [main] [34mINFO [0;39m [36mo.a.catalina.core.StandardService[0;39m - Stopping service [Tomcat]
2025-12-09 18:17:40.923 [main] [31mWARN [0;39m [36mo.a.c.loader.WebappClassLoaderBase[0;39m - The web application [api] appears to have started a thread named [CreditAppHikariPool housekeeper] but has failed to stop it. This is very likely to create a memory leak. Stack trace of thread:
 java.base@17.0.17/jdk.internal.misc.Unsafe.park(Native Method)
 java.base@17.0.17/java.util.concurrent.locks.LockSupport.parkNanos(LockSupport.java:252)
 java.base@17.0.17/java.util.concurrent.locks.AbstractQueuedSynchronizer$ConditionObject.awaitNanos(AbstractQueuedSynchronizer.java:1679)
 java.base@17.0.17/java.util.concurrent.ScheduledThreadPoolExecutor$DelayedWorkQueue.take(ScheduledThreadPoolExecutor.java:1182)
 java.base@17.0.17/java.util.concurrent.ScheduledThreadPoolExecutor$DelayedWorkQueue.take(ScheduledThreadPoolExecutor.java:899)
 java.base@17.0.17/java.util.concurrent.ThreadPoolExecutor.getTask(ThreadPoolExecutor.java:1062)
 java.base@17.0.17/java.util.concurrent.ThreadPoolExecutor.runWorker(ThreadPoolExecutor.java:1122)
 java.base@17.0.17/java.util.concurrent.ThreadPoolExecutor$Worker.run(ThreadPoolExecutor.java:635)
 java.base@17.0.17/java.lang.Thread.run(Thread.java:840)
2025-12-09 18:17:40.923 [main] [31mWARN [0;39m [36mo.a.c.loader.WebappClassLoaderBase[0;39m - The web application [api] appears to have started a thread named [CreditAppHikariPool connection adder] but has failed to stop it. This is very likely to create a memory leak. Stack trace of thread:
 java.base@17.0.17/jdk.internal.misc.Unsafe.park(Native Method)
 java.base@17.0.17/java.util.concurrent.locks.LockSupport.parkNanos(LockSupport.java:252)
 java.base@17.0.17/java.util.concurrent.locks.AbstractQueuedSynchronizer$ConditionObject.awaitNanos(AbstractQueuedSynchronizer.java:1679)
 java.base@17.0.17/java.util.concurrent.LinkedBlockingQueue.poll(LinkedBlockingQueue.java:460)
 java.base@17.0.17/java.util.concurrent.ThreadPoolExecutor.getTask(ThreadPoolExecutor.java:1061)
 java.base@17.0.17/java.util.concurrent.ThreadPoolExecutor.runWorker(ThreadPoolExecutor.java:1122)
 java.base@17.0.17/java.util.concurrent.ThreadPoolExecutor$Worker.run(ThreadPoolExecutor.java:635)
 java.base@17.0.17/java.lang.Thread.run(Thread.java:840)
2025-12-09 18:17:40.925 [main] [31mWARN [0;39m [36mo.s.b.w.s.c.AnnotationConfigServletWebServerApplicationContext[0;39m - Exception encountered during context initialization - cancelling refresh attempt: org.springframework.context.ApplicationContextException: Unable to start web server
2025-12-09 18:17:40.925 [main] [34mINFO [0;39m [36mcom.zaxxer.hikari.HikariDataSource[0;39m - CreditAppHikariPool - Shutdown initiated...
2025-12-09 18:17:40.929 [main] [34mINFO [0;39m [36mcom.zaxxer.hikari.HikariDataSource[0;39m - CreditAppHikariPool - Shutdown completed.
2025-12-09 18:17:40.940 [main] [34mINFO [0;39m [36mo.s.b.a.l.ConditionEvaluationReportLogger[0;39m - 

Error starting ApplicationContext. To display the condition evaluation report re-run your application with 'debug' enabled.
2025-12-09 18:17:40.948 [main] [1;31mERROR[0;39m [36mo.s.boot.SpringApplication[0;39m - Application run failed
org.springframework.context.ApplicationContextException: Unable to start web server
	at org.springframework.boot.web.servlet.context.ServletWebServerApplicationContext.onRefresh(ServletWebServerApplicationContext.java:165)
	at org.springframework.context.support.AbstractApplicationContext.refresh(AbstractApplicationContext.java:610)
	at org.springframework.boot.web.servlet.context.ServletWebServerApplicationContext.refresh(ServletWebServerApplicationContext.java:146)
	at org.springframework.boot.SpringApplication.refresh(SpringApplication.java:753)
	at org.springframework.boot.SpringApplication.refreshContext(SpringApplication.java:455)
	at org.springframework.boot.SpringApplication.run(SpringApplication.java:323)
	at org.springframework.boot.SpringApplication.run(SpringApplication.java:1342)
	at org.springframework.boot.SpringApplication.run(SpringApplication.java:1331)
	at com.riwi.creditapplication.CreditApplicationServiceApplication.main(CreditApplicationServiceApplication.java:18)
Caused by: org.springframework.boot.web.server.WebServerException: Unable to start embedded Tomcat
	at org.springframework.boot.web.embedded.tomcat.TomcatWebServer.initialize(TomcatWebServer.java:142)
	at org.springframework.boot.web.embedded.tomcat.TomcatWebServer.<init>(TomcatWebServer.java:104)
	at org.springframework.boot.web.embedded.tomcat.TomcatServletWebServerFactory.getTomcatWebServer(TomcatServletWebServerFactory.java:501)
	at org.springframework.boot.web.embedded.tomcat.TomcatServletWebServerFactory.getWebServer(TomcatServletWebServerFactory.java:218)
	at org.springframework.boot.web.servlet.context.ServletWebServerApplicationContext.createWebServer(ServletWebServerApplicationContext.java:188)
	at org.springframework.boot.web.servlet.context.ServletWebServerApplicationContext.onRefresh(ServletWebServerApplicationContext.java:162)
	... 8 common frames omitted
Caused by: org.springframework.beans.factory.UnsatisfiedDependencyException: Error creating bean with name 'jwtAuthenticationFilter' defined in file [/home/Coder/Documentos/credit-application-service/target/classes/com/riwi/creditapplication/infrastructure/security/jwt/JwtAuthenticationFilter.class]: Unsatisfied dependency expressed through constructor parameter 1: Error creating bean with name 'customUserDetailsService' defined in file [/home/Coder/Documentos/credit-application-service/target/classes/com/riwi/creditapplication/infrastructure/security/service/CustomUserDetailsService.class]: Unsatisfied dependency expressed through constructor parameter 0: Error creating bean with name 'userJpaRepository' defined in com.riwi.creditapplication.infrastructure.persistence.repository.UserJpaRepository defined in @EnableJpaRepositories declared on JpaRepositoriesRegistrar.EnableJpaRepositoriesConfiguration: Cannot resolve reference to bean 'jpaSharedEM_entityManagerFactory' while setting bean property 'entityManager'
	at org.springframework.beans.factory.support.ConstructorResolver.createArgumentArray(ConstructorResolver.java:802)
	at org.springframework.beans.factory.support.ConstructorResolver.autowireConstructor(ConstructorResolver.java:241)
	at org.springframework.beans.factory.support.AbstractAutowireCapableBeanFactory.autowireConstructor(AbstractAutowireCapableBeanFactory.java:1356)
	at org.springframework.beans.factory.support.AbstractAutowireCapableBeanFactory.createBeanInstance(AbstractAutowireCapableBeanFactory.java:1193)
	at org.springframework.beans.factory.support.AbstractAutowireCapableBeanFactory.doCreateBean(AbstractAutowireCapableBeanFactory.java:563)
	at org.springframework.beans.factory.support.AbstractAutowireCapableBeanFactory.createBean(AbstractAutowireCapableBeanFactory.java:523)
	at org.springframework.beans.factory.support.AbstractBeanFactory.lambda$doGetBean$0(AbstractBeanFactory.java:325)
	at org.springframework.beans.factory.support.DefaultSingletonBeanRegistry.getSingleton(DefaultSingletonBeanRegistry.java:234)
	at org.springframework.beans.factory.support.AbstractBeanFactory.doGetBean(AbstractBeanFactory.java:323)
	at org.springframework.beans.factory.support.AbstractBeanFactory.getBean(AbstractBeanFactory.java:204)
	at org.springframework.boot.web.servlet.ServletContextInitializerBeans.getOrderedBeansOfType(ServletContextInitializerBeans.java:210)
	at org.springframework.boot.web.servlet.ServletContextInitializerBeans.addAsRegistrationBean(ServletContextInitializerBeans.java:173)
	at org.springframework.boot.web.servlet.ServletContextInitializerBeans.addAsRegistrationBean(ServletContextInitializerBeans.java:168)
	at org.springframework.boot.web.servlet.ServletContextInitializerBeans.addAdaptableBeans(ServletContextInitializerBeans.java:153)
	at org.springframework.boot.web.servlet.ServletContextInitializerBeans.<init>(ServletContextInitializerBeans.java:86)
	at org.springframework.boot.web.servlet.context.ServletWebServerApplicationContext.getServletContextInitializerBeans(ServletWebServerApplicationContext.java:266)
	at org.springframework.boot.web.servlet.context.ServletWebServerApplicationContext.selfInitialize(ServletWebServerApplicationContext.java:240)
	at org.springframework.boot.web.embedded.tomcat.TomcatStarter.onStartup(TomcatStarter.java:52)
	at org.apache.catalina.core.StandardContext.startInternal(StandardContext.java:4850)
	at org.apache.catalina.util.LifecycleBase.start(LifecycleBase.java:171)
	at org.apache.catalina.core.ContainerBase$StartChild.call(ContainerBase.java:1332)
	at org.apache.catalina.core.ContainerBase$StartChild.call(ContainerBase.java:1322)
	at java.base/java.util.concurrent.FutureTask.run(FutureTask.java:264)
	at org.apache.tomcat.util.threads.InlineExecutorService.execute(InlineExecutorService.java:75)
	at java.base/java.util.concurrent.AbstractExecutorService.submit(AbstractExecutorService.java:145)
	at org.apache.catalina.core.ContainerBase.startInternal(ContainerBase.java:866)
	at org.apache.catalina.core.StandardHost.startInternal(StandardHost.java:845)
	at org.apache.catalina.util.LifecycleBase.start(LifecycleBase.java:171)
	at org.apache.catalina.core.ContainerBase$StartChild.call(ContainerBase.java:1332)
	at org.apache.catalina.core.ContainerBase$StartChild.call(ContainerBase.java:1322)
	at java.base/java.util.concurrent.FutureTask.run(FutureTask.java:264)
	at org.apache.tomcat.util.threads.InlineExecutorService.execute(InlineExecutorService.java:75)
	at java.base/java.util.concurrent.AbstractExecutorService.submit(AbstractExecutorService.java:145)
	at org.apache.catalina.core.ContainerBase.startInternal(ContainerBase.java:866)
	at org.apache.catalina.core.StandardEngine.startInternal(StandardEngine.java:240)
	at org.apache.catalina.util.LifecycleBase.start(LifecycleBase.java:171)
	at org.apache.catalina.core.StandardService.startInternal(StandardService.java:433)
	at org.apache.catalina.util.LifecycleBase.start(LifecycleBase.java:171)
	at org.apache.catalina.core.StandardServer.startInternal(StandardServer.java:917)
	at org.apache.catalina.util.LifecycleBase.start(LifecycleBase.java:171)
	at org.apache.catalina.startup.Tomcat.start(Tomcat.java:488)
	at org.springframework.boot.web.embedded.tomcat.TomcatWebServer.initialize(TomcatWebServer.java:123)
	... 13 common frames omitted
Caused by: org.springframework.beans.factory.UnsatisfiedDependencyException: Error creating bean with name 'customUserDetailsService' defined in file [/home/Coder/Documentos/credit-application-service/target/classes/com/riwi/creditapplication/infrastructure/security/service/CustomUserDetailsService.class]: Unsatisfied dependency expressed through constructor parameter 0: Error creating bean with name 'userJpaRepository' defined in com.riwi.creditapplication.infrastructure.persistence.repository.UserJpaRepository defined in @EnableJpaRepositories declared on JpaRepositoriesRegistrar.EnableJpaRepositoriesConfiguration: Cannot resolve reference to bean 'jpaSharedEM_entityManagerFactory' while setting bean property 'entityManager'
	at org.springframework.beans.factory.support.ConstructorResolver.createArgumentArray(ConstructorResolver.java:802)
	at org.springframework.beans.factory.support.ConstructorResolver.autowireConstructor(ConstructorResolver.java:241)
	at org.springframework.beans.factory.support.AbstractAutowireCapableBeanFactory.autowireConstructor(AbstractAutowireCapableBeanFactory.java:1356)
	at org.springframework.beans.factory.support.AbstractAutowireCapableBeanFactory.createBeanInstance(AbstractAutowireCapableBeanFactory.java:1193)
	at org.springframework.beans.factory.support.AbstractAutowireCapableBeanFactory.doCreateBean(AbstractAutowireCapableBeanFactory.java:563)
	at org.springframework.beans.factory.support.AbstractAutowireCapableBeanFactory.createBean(AbstractAutowireCapableBeanFactory.java:523)
	at org.springframework.beans.factory.support.AbstractBeanFactory.lambda$doGetBean$0(AbstractBeanFactory.java:325)
	at org.springframework.beans.factory.support.DefaultSingletonBeanRegistry.getSingleton(DefaultSingletonBeanRegistry.java:234)
	at org.springframework.beans.factory.support.AbstractBeanFactory.doGetBean(AbstractBeanFactory.java:323)
	at org.springframework.beans.factory.support.AbstractBeanFactory.getBean(AbstractBeanFactory.java:199)
	at org.springframework.beans.factory.config.DependencyDescriptor.resolveCandidate(DependencyDescriptor.java:254)
	at org.springframework.beans.factory.support.DefaultListableBeanFactory.doResolveDependency(DefaultListableBeanFactory.java:1441)
	at org.springframework.beans.factory.support.DefaultListableBeanFactory.resolveDependency(DefaultListableBeanFactory.java:1348)
	at org.springframework.beans.factory.support.ConstructorResolver.resolveAutowiredArgument(ConstructorResolver.java:911)
	at org.springframework.beans.factory.support.ConstructorResolver.createArgumentArray(ConstructorResolver.java:789)
	... 54 common frames omitted
Caused by: org.springframework.beans.factory.BeanCreationException: Error creating bean with name 'userJpaRepository' defined in com.riwi.creditapplication.infrastructure.persistence.repository.UserJpaRepository defined in @EnableJpaRepositories declared on JpaRepositoriesRegistrar.EnableJpaRepositoriesConfiguration: Cannot resolve reference to bean 'jpaSharedEM_entityManagerFactory' while setting bean property 'entityManager'
	at org.springframework.beans.factory.support.BeanDefinitionValueResolver.resolveReference(BeanDefinitionValueResolver.java:377)
	at org.springframework.beans.factory.support.BeanDefinitionValueResolver.resolveValueIfNecessary(BeanDefinitionValueResolver.java:135)
	at org.springframework.beans.factory.support.AbstractAutowireCapableBeanFactory.applyPropertyValues(AbstractAutowireCapableBeanFactory.java:1686)
	at org.springframework.beans.factory.support.AbstractAutowireCapableBeanFactory.populateBean(AbstractAutowireCapableBeanFactory.java:1435)
	at org.springframework.beans.factory.support.AbstractAutowireCapableBeanFactory.doCreateBean(AbstractAutowireCapableBeanFactory.java:600)
	at org.springframework.beans.factory.support.AbstractAutowireCapableBeanFactory.createBean(AbstractAutowireCapableBeanFactory.java:523)
	at org.springframework.beans.factory.support.AbstractBeanFactory.lambda$doGetBean$0(AbstractBeanFactory.java:325)
	at org.springframework.beans.factory.support.DefaultSingletonBeanRegistry.getSingleton(DefaultSingletonBeanRegistry.java:234)
	at org.springframework.beans.factory.support.AbstractBeanFactory.doGetBean(AbstractBeanFactory.java:323)
	at org.springframework.beans.factory.support.AbstractBeanFactory.getBean(AbstractBeanFactory.java:199)
	at org.springframework.beans.factory.config.DependencyDescriptor.resolveCandidate(DependencyDescriptor.java:254)
	at org.springframework.beans.factory.support.DefaultListableBeanFactory.doResolveDependency(DefaultListableBeanFactory.java:1441)
	at org.springframework.beans.factory.support.DefaultListableBeanFactory.resolveDependency(DefaultListableBeanFactory.java:1348)
	at org.springframework.beans.factory.support.ConstructorResolver.resolveAutowiredArgument(ConstructorResolver.java:911)
	at org.springframework.beans.factory.support.ConstructorResolver.createArgumentArray(ConstructorResolver.java:789)
	... 68 common frames omitted
Caused by: org.springframework.beans.factory.BeanCreationException: Error creating bean with name 'jpaSharedEM_entityManagerFactory': Cannot resolve reference to bean 'entityManagerFactory' while setting constructor argument
	at org.springframework.beans.factory.support.BeanDefinitionValueResolver.resolveReference(BeanDefinitionValueResolver.java:377)
	at org.springframework.beans.factory.support.BeanDefinitionValueResolver.resolveValueIfNecessary(BeanDefinitionValueResolver.java:135)
	at org.springframework.beans.factory.support.ConstructorResolver.resolveConstructorArguments(ConstructorResolver.java:689)
	at org.springframework.beans.factory.support.ConstructorResolver.instantiateUsingFactoryMethod(ConstructorResolver.java:513)
	at org.springframework.beans.factory.support.AbstractAutowireCapableBeanFactory.instantiateUsingFactoryMethod(AbstractAutowireCapableBeanFactory.java:1336)
	at org.springframework.beans.factory.support.AbstractAutowireCapableBeanFactory.createBeanInstance(AbstractAutowireCapableBeanFactory.java:1166)
	at org.springframework.beans.factory.support.AbstractAutowireCapableBeanFactory.doCreateBean(AbstractAutowireCapableBeanFactory.java:563)
	at org.springframework.beans.factory.support.AbstractAutowireCapableBeanFactory.createBean(AbstractAutowireCapableBeanFactory.java:523)
	at org.springframework.beans.factory.support.AbstractBeanFactory.lambda$doGetBean$0(AbstractBeanFactory.java:325)
	at org.springframework.beans.factory.support.DefaultSingletonBeanRegistry.getSingleton(DefaultSingletonBeanRegistry.java:234)
	at org.springframework.beans.factory.support.AbstractBeanFactory.doGetBean(AbstractBeanFactory.java:323)
	at org.springframework.beans.factory.support.AbstractBeanFactory.getBean(AbstractBeanFactory.java:199)
	at org.springframework.beans.factory.support.BeanDefinitionValueResolver.resolveReference(BeanDefinitionValueResolver.java:365)
	... 82 common frames omitted
Caused by: org.springframework.beans.factory.BeanCreationException: Error creating bean with name 'flywayInitializer' defined in class path resource [org/springframework/boot/autoconfigure/flyway/FlywayAutoConfiguration$FlywayConfiguration.class]: Migration V2__relations.sql failed
----------------------------------
SQL State  : HY000
Error Code : 3815
Message    : An expression of a check constraint 'chk_approved_amount_valid' contains disallowed function.
Location   : db/migration/V2__relations.sql (/home/Coder/Documentos/credit-application-service/target/classes/db/migration/V2__relations.sql)
Line       : 67
Statement  : -- ============================================================================
-- Additional Constraints
-- ============================================================================

-- Ensure approved amount is not greater than requested amount
ALTER TABLE risk_evaluations
ADD CONSTRAINT chk_approved_amount_valid
CHECK (approved_amount IS NULL OR approved_amount <= (
    SELECT requested_amount 
    FROM credit_applications 
    WHERE id = credit_application_id
) OR approved_amount > 0)

	at org.springframework.beans.factory.support.AbstractAutowireCapableBeanFactory.initializeBean(AbstractAutowireCapableBeanFactory.java:1775)
	at org.springframework.beans.factory.support.AbstractAutowireCapableBeanFactory.doCreateBean(AbstractAutowireCapableBeanFactory.java:601)
	at org.springframework.beans.factory.support.AbstractAutowireCapableBeanFactory.createBean(AbstractAutowireCapableBeanFactory.java:523)
	at org.springframework.beans.factory.support.AbstractBeanFactory.lambda$doGetBean$0(AbstractBeanFactory.java:325)
	at org.springframework.beans.factory.support.DefaultSingletonBeanRegistry.getSingleton(DefaultSingletonBeanRegistry.java:234)
	at org.springframework.beans.factory.support.AbstractBeanFactory.doGetBean(AbstractBeanFactory.java:323)
	at org.springframework.beans.factory.support.AbstractBeanFactory.getBean(AbstractBeanFactory.java:199)
	at org.springframework.beans.factory.support.AbstractBeanFactory.doGetBean(AbstractBeanFactory.java:312)
	at org.springframework.beans.factory.support.AbstractBeanFactory.getBean(AbstractBeanFactory.java:199)
	at org.springframework.beans.factory.support.BeanDefinitionValueResolver.resolveReference(BeanDefinitionValueResolver.java:365)
	... 94 common frames omitted
Caused by: org.flywaydb.core.internal.command.DbMigrate$FlywayMigrateException: Migration V2__relations.sql failed
----------------------------------
SQL State  : HY000
Error Code : 3815
Message    : An expression of a check constraint 'chk_approved_amount_valid' contains disallowed function.
Location   : db/migration/V2__relations.sql (/home/Coder/Documentos/credit-application-service/target/classes/db/migration/V2__relations.sql)
Line       : 67
Statement  : -- ============================================================================
-- Additional Constraints
-- ============================================================================

-- Ensure approved amount is not greater than requested amount
ALTER TABLE risk_evaluations
ADD CONSTRAINT chk_approved_amount_valid
CHECK (approved_amount IS NULL OR approved_amount <= (
    SELECT requested_amount 
    FROM credit_applications 
    WHERE id = credit_application_id
) OR approved_amount > 0)

	at org.flywaydb.core.internal.command.DbMigrate.doMigrateGroup(DbMigrate.java:382)
	at org.flywaydb.core.internal.command.DbMigrate.lambda$applyMigrations$1(DbMigrate.java:272)
	at org.flywaydb.core.internal.jdbc.TransactionalExecutionTemplate.execute(TransactionalExecutionTemplate.java:55)
	at org.flywaydb.core.internal.command.DbMigrate.applyMigrations(DbMigrate.java:271)
	at org.flywaydb.core.internal.command.DbMigrate.migrateGroup(DbMigrate.java:244)
	at org.flywaydb.core.internal.command.DbMigrate.lambda$migrateAll$0(DbMigrate.java:139)
	at org.flywaydb.database.mysql.MySQLNamedLockTemplate.execute(MySQLNamedLockTemplate.java:58)
	at org.flywaydb.database.mysql.MySQLConnection.lock(MySQLConnection.java:152)
	at org.flywaydb.core.internal.schemahistory.JdbcTableSchemaHistory.lock(JdbcTableSchemaHistory.java:144)
	at org.flywaydb.core.internal.command.DbMigrate.migrateAll(DbMigrate.java:139)
	at org.flywaydb.core.internal.command.DbMigrate.migrate(DbMigrate.java:97)
	at org.flywaydb.core.Flyway.lambda$migrate$0(Flyway.java:188)
	at org.flywaydb.core.FlywayExecutor.execute(FlywayExecutor.java:213)
	at org.flywaydb.core.Flyway.migrate(Flyway.java:140)
	at org.springframework.boot.autoconfigure.flyway.FlywayMigrationInitializer.afterPropertiesSet(FlywayMigrationInitializer.java:66)
	at org.springframework.beans.factory.support.AbstractAutowireCapableBeanFactory.invokeInitMethods(AbstractAutowireCapableBeanFactory.java:1822)
	at org.springframework.beans.factory.support.AbstractAutowireCapableBeanFactory.initializeBean(AbstractAutowireCapableBeanFactory.java:1771)
	... 103 common frames omitted
Caused by: org.flywaydb.core.internal.sqlscript.FlywaySqlScriptException: Migration V2__relations.sql failed
----------------------------------
SQL State  : HY000
Error Code : 3815
Message    : An expression of a check constraint 'chk_approved_amount_valid' contains disallowed function.
Location   : db/migration/V2__relations.sql (/home/Coder/Documentos/credit-application-service/target/classes/db/migration/V2__relations.sql)
Line       : 67
Statement  : -- ============================================================================
-- Additional Constraints
-- ============================================================================

-- Ensure approved amount is not greater than requested amount
ALTER TABLE risk_evaluations
ADD CONSTRAINT chk_approved_amount_valid
CHECK (approved_amount IS NULL OR approved_amount <= (
    SELECT requested_amount 
    FROM credit_applications 
    WHERE id = credit_application_id
) OR approved_amount > 0)

	at org.flywaydb.core.internal.sqlscript.DefaultSqlScriptExecutor.handleException(DefaultSqlScriptExecutor.java:267)
	at org.flywaydb.core.internal.sqlscript.DefaultSqlScriptExecutor.executeStatement(DefaultSqlScriptExecutor.java:222)
	at org.flywaydb.core.internal.sqlscript.DefaultSqlScriptExecutor.execute(DefaultSqlScriptExecutor.java:126)
	at org.flywaydb.core.internal.resolver.sql.SqlMigrationExecutor.executeOnce(SqlMigrationExecutor.java:68)
	at org.flywaydb.core.internal.resolver.sql.SqlMigrationExecutor.lambda$execute$0(SqlMigrationExecutor.java:57)
	at org.flywaydb.core.internal.database.DefaultExecutionStrategy.execute(DefaultExecutionStrategy.java:27)
	at org.flywaydb.core.internal.resolver.sql.SqlMigrationExecutor.execute(SqlMigrationExecutor.java:56)
	at org.flywaydb.core.internal.command.DbMigrate.doMigrateGroup(DbMigrate.java:374)
	... 119 common frames omitted
Caused by: java.sql.SQLException: An expression of a check constraint 'chk_approved_amount_valid' contains disallowed function.
	at com.mysql.cj.jdbc.exceptions.SQLError.createSQLException(SQLError.java:130)
	at com.mysql.cj.jdbc.exceptions.SQLExceptionsMapping.translateException(SQLExceptionsMapping.java:122)
	at com.mysql.cj.jdbc.StatementImpl.executeInternal(StatementImpl.java:763)
	at com.mysql.cj.jdbc.StatementImpl.execute(StatementImpl.java:648)
	at com.zaxxer.hikari.pool.ProxyStatement.execute(ProxyStatement.java:94)
	at com.zaxxer.hikari.pool.HikariProxyStatement.execute(HikariProxyStatement.java)
	at org.flywaydb.core.internal.jdbc.JdbcTemplate.executeStatement(JdbcTemplate.java:201)
	at org.flywaydb.core.internal.sqlscript.ParsedSqlStatement.execute(ParsedSqlStatement.java:95)
	at org.flywaydb.core.internal.sqlscript.DefaultSqlScriptExecutor.executeStatement(DefaultSqlScriptExecutor.java:210)
	... 125 common frames omitted
[[1;34mINFO[m] [1m------------------------------------------------------------------------[m
[[1;34mINFO[m] [1;31mBUILD FAILURE[m
[[1;34mINFO[m] [1m------------------------------------------------------------------------[m
[[1;34mINFO[m] Total time:  5.521 s
[[1;34mINFO[m] Finished at: 2025-12-09T18:17:40-05:00
[[1;34mINFO[m] [1m------------------------------------------------------------------------[m
[[1;31mERROR[m] Failed to execute goal [32morg.springframework.boot:spring-boot-maven-plugin:3.2.0:run[m [1m(default-cli)[m on project [36mcredit-application-service[m: [1;31mProcess terminated with exit code: 1[m -> [1m[Help 1][m
[[1;31mERROR[m] 
[[1;31mERROR[m] To see the full stack trace of the errors, re-run Maven with the [1m-e[m switch.
[[1;31mERROR[m] Re-run Maven using the [1m-X[m switch to enable full debug logging.
[[1;31mERROR[m] 
[[1;31mERROR[m] For more information about the errors and possible solutions, please read the following articles:
[[1;31mERROR[m] [1m[Help 1][m http://cwiki.apache.org/confluence/display/MAVEN/MojoExecutionException
